// Jest Snapshot v1, https://goo.gl/fbAQLP

exports[`ListingCard matches snapshot 1`] = `
<a
  className="root"
  href="/l/listing1-title/listing1"
  onClick={[Function]}
  onMouseOver={[Function]}
  onTouchStart={[Function]}
  style={Object {}}
  title={null}
>
  <div
    className="root aspectRatioWrapper"
  >
    <div
      className="aspectPadding"
      style={
        Object {
          "paddingBottom": "100%",
        }
      }
    >
      <div
        className="aspectBox"
      >
        <div
          style={
            Object {
              "bottom": 0,
              "left": 0,
              "position": "absolute",
              "right": 0,
              "top": 0,
            }
          }
        />
      </div>
    </div>
  </div>
  <div
    className="info"
  >
    <div
      className="price"
    >
      <div
        className="priceValue"
        title={55}
      >
        55
      </div>
    </div>
    <div
      className="mainInfo"
    >
      <div
        className="title"
      >
        listing1
         
        title
      </div>
      <div
        className="authorInfo"
      >
        <span>
          ListingCard.author
        </span>
      </div>
    </div>
  </div>
</a>
`;
