// Jest Snapshot v1, https://goo.gl/fbAQLP

exports[`EditListingDetailsForm matches snapshot 1`] = `
<form
  action="/"
  className="root"
  method="post"
  onSubmit={[Function]}
>
  <div
    className="root title"
  >
    <label
      htmlFor="title"
    >
      EditListingDetailsForm.title
    </label>
    <input
      className="input"
      id="title"
      maxLength={60}
      name="title"
      onBlur={[Function]}
      onChange={[Function]}
      onFocus={[Function]}
      placeholder="EditListingDetailsForm.titlePlaceholder"
      type="text"
      value=""
    />
  </div>
  <div
    className="root description"
  >
    <label
      htmlFor="description"
    >
      EditListingDetailsForm.description
    </label>
    <textarea
      className="input textarea"
      id="description"
      maxLength={5000}
      name="description"
      onBlur={[Function]}
      onChange={[Function]}
      onFocus={[Function]}
      placeholder="EditListingDetailsForm.descriptionPlaceholder"
      rows={1}
      value=""
    />
  </div>
  <input
    name="transactionProcessAlias"
    onBlur={[Function]}
    onChange={[Function]}
    onFocus={[Function]}
    type="hidden"
    value=""
  />
  <button
    className="root submitButton"
    disabled={true}
    type="submit"
  >
    Save details
  </button>
</form>
`;
