// Jest Snapshot v1, https://goo.gl/fbAQLP

exports[`EditListingDetailsForm matches snapshot 1`] = `
<form
  action="/"
  className="root"
  method="post"
  onSubmit={[Function]}
>
  <div
    className="root title"
  >
    <label
      htmlFor="title"
    >
      EditListingDetailsForm.title
    </label>
    <input
      className="input"
      id="title"
      maxLength={60}
      name="title"
      onBlur={[Function]}
      onChange={[Function]}
      onFocus={[Function]}
      placeholder="EditListingDetailsForm.titlePlaceholder"
      type="text"
      value=""
    />
  </div>
  <div
    className="root description"
  >
    <label
      htmlFor="description"
    >
      EditListingDetailsForm.description
    </label>
    <textarea
      className="input textarea"
      id="description"
      maxLength={5000}
      name="description"
      onBlur={[Function]}
      onChange={[Function]}
      onFocus={[Function]}
      placeholder="EditListingDetailsForm.descriptionPlaceholder"
      rows={1}
      value=""
    />
  </div>
  <div
    className="root category"
  >
    <label
      htmlFor="category"
    >
      EditListingDetailsForm.categoryLabel
    </label>
    <select
      className="select"
      id="category"
      name="category"
      onBlur={[Function]}
      onChange={[Function]}
      onFocus={[Function]}
      value=""
    >
      <option
        disabled={true}
        value=""
      >
        EditListingDetailsForm.categoryPlaceholder
      </option>
      <option
        key="cat1"
        value="cat1"
      >
        Cat 1
      </option>
      <option
        key="cat2"
        value="cat2"
      >
        Cat 2
      </option>
    </select>
  </div>
  <button
    className="root submitButton"
    disabled={true}
    type="submit"
  >
    Save description
  </button>
</form>
`;
