// Jest Snapshot v1, https://goo.gl/fbAQLP

exports[`EditListingPricingForm matches snapshot 1`] = `
<form
  action="/"
  className="root"
  method="post"
  onSubmit={[Function]}
>
  <div
    className="input"
  >
    <label
      htmlFor="price"
    >
      EditListingPricingForm.pricePerProduct
    </label>
    <input
      className="input"
      id="price"
      onBlur={[Function]}
      onChange={[Function]}
      onFocus={[Function]}
      placeholder="EditListingPricingForm.priceInputPlaceholder"
      type="text"
      value=""
    />
  </div>
  <button
    className="root submitButton"
    disabled={true}
    type="submit"
  >
    Save price
  </button>
</form>
`;
