// Jest Snapshot v1, https://goo.gl/fbAQLP

exports[`ManageListingCard matches snapshot 1`] = `
<div
  className="root"
>
  <div
    className="clickWrapper"
    onClick={[Function]}
    onMouseOver={[Function]}
    onTouchStart={[Function]}
    tabIndex={0}
  >
    <div
      className="root"
    >
      <div
        className="aspectPadding"
        style={
          Object {
            "paddingBottom": "100%",
          }
        }
      >
        <div
          className="aspectBox"
        >
          <div
            className="rootForImage noImageContainer"
          >
            <div
              className="noImageWrapper"
            >
              <svg
                className="noImageIcon"
                height="49"
                viewBox="0 -1 48 49"
                width="48"
                xmlns="http://www.w3.org/2000/svg"
              >
                <g
                  fill="none"
                  fillRule="evenodd"
                >
                  <path
                    d="M13.6 9.6L24 .8l10.4 8.8z"
                    strokeLinejoin="round"
                    strokeWidth="2"
                  />
                  <path
                    d="M.8 46.4h46.4V9.6H.8z"
                    strokeWidth="2"
                  />
                  <path
                    d="M5.6 41.6h36.8V14.4H5.6z"
                    strokeWidth="2"
                  />
                  <path
                    d="M19.998 31.636l.835-.835a4.035 4.035 0 0 1 2.853-1.183h.693c1.07 0 2.097.426 2.853 1.183l.835.835"
                    strokeLinecap="round"
                    strokeLinejoin="round"
                    strokeWidth="2"
                  />
                  <path
                    d="M21.599 23.983a1.009 1.009 0 1 0 0 2.018 1.009 1.009 0 0 0 0-2.018M26.402 23.983a1.009 1.009 0 1 0 0 2.018 1.009 1.009 0 0 0 0-2.018"
                  />
                </g>
              </svg>
              <div
                className="noImageText"
              >
                <span>
                  ResponsiveImage.noImage
                </span>
              </div>
            </div>
          </div>
        </div>
      </div>
    </div>
    <div
      className="menuOverlayWrapper"
    >
      <div
        className="menuOverlay"
      />
      <div
        className="menuOverlayContent"
      >
        <span>
          ManageListingCard.viewListing
        </span>
      </div>
    </div>
    <div
      className="menubarWrapper"
    >
      <div
        className="menubarGradient"
      />
      <div
        className="menubar"
      >
        <div
          className="root menu cardIsOpen"
          onBlur={[Function]}
          onKeyDown={[Function]}
          tabIndex={0}
        >
          <button
            className="root menuLabel"
            onBlur={[Function]}
            onClick={[Function]}
          >
            <div
              className="iconWrapper"
            >
              <svg
                className="menuIcon menuIcon"
                height="12"
                viewBox="0 0 26 12"
                width="26"
                xmlns="http://www.w3.org/2000/svg"
              >
                <defs>
                  <filter
                    filterUnits="objectBoundingBox"
                    height="450%"
                    width="177.8%"
                    x="-38.9%"
                    y="-125%"
                  >
                    <feOffset
                      dy="2"
                      in="SourceAlpha"
                      result="shadowOffsetOuter1"
                    />
                    <feGaussianBlur
                      in="shadowOffsetOuter1"
                      result="shadowBlurOuter1"
                      stdDeviation="2"
                    />
                    <feColorMatrix
                      in="shadowBlurOuter1"
                      values="0 0 0 0 0 0 0 0 0 0 0 0 0 0 0 0 0 0 0.5 0"
                    />
                  </filter>
                </defs>
                <g
                  filter="url(#a)"
                  transform="translate(-342 -18)"
                >
                  <path
                    d="M348 24c-1.105 0-2-.895-2-2s.895-2 2-2 2 .895 2 2-.895 2-2 2zm7 0c-1.105 0-2-.895-2-2s.895-2 2-2 2 .895 2 2-.895 2-2 2zm7 0c-1.105 0-2-.895-2-2s.895-2 2-2 2 .895 2 2-.895 2-2 2z"
                  />
                </g>
                <g
                  transform="translate(-342 -18)"
                >
                  <path
                    d="M348 24c-1.105 0-2-.895-2-2s.895-2 2-2 2 .895 2 2-.895 2-2 2zm7 0c-1.105 0-2-.895-2-2s.895-2 2-2 2 .895 2 2-.895 2-2 2zm7 0c-1.105 0-2-.895-2-2s.895-2 2-2 2 .895 2 2-.895 2-2 2z"
                  />
                </g>
              </svg>
            </div>
          </button>
          <div
            className="menuContent isClosed"
            style={
              Object {
                "left": "-10000px",
              }
            }
          >
            <ul
              className="content"
            >
              <li
                className="root"
                role="menuitem"
              >
                <button
                  className="menuItem inlineTextButton"
                  disabled={false}
                  onClick={[Function]}
                >
                  <span>
                    ManageListingCard.closeListing
                  </span>
                </button>
              </li>
            </ul>
          </div>
        </div>
      </div>
    </div>
  </div>
  <div
    className="info"
  >
    <div
      className="price"
    >
      <div
        className="priceValue"
        title={55}
      >
        55
      </div>
    </div>
    <div
      className="mainInfo"
    >
      <div
        className="titleWrapper"
      >
        <button
          className="title inlineTextButton"
          disabled={false}
          onClick={[Function]}
        >
          <span
            key="1"
            style={
              Object {
                "wordBreak": "break-all",
              }
            }
          >
            listing1
          </span>
           
          title
        </button>
      </div>
    </div>
    <div
      className="manageLinks"
    >
      <a
        className="manageLink"
        href="/l/listing1-title/listing1/edit/details"
        onClick={[Function]}
        onMouseOver={[Function]}
        onTouchStart={[Function]}
        style={Object {}}
        title={null}
      >
        <span>
          ManageListingCard.editListing
        </span>
      </a>
      Array [
        <span
          className="manageLinksSeparator"
        >
           â€¢ 
        </span>,
        <a
          className="manageLink"
          href="/l/listing1-title/listing1/edit/pricing-and-stock"
          onClick={[Function]}
          onMouseOver={[Function]}
          onTouchStart={[Function]}
          style={Object {}}
          title={null}
        >
          ManageListingCard.setPriceAndStock
        </a>,
      ]
    </div>
  </div>
</div>
`;
