// Jest Snapshot v1, https://goo.gl/fbAQLP

exports[`PasswordChangePage matches snapshot 1`] = `
<Page
  scrollingDisabled={false}
  title="PasswordChangePage.title"
>
  <LayoutSideNavigation
    className={null}
    currentPage="PasswordChangePage"
    footer={<injectIntl(Footer) />}
    rootClassName={null}
    sideNav={null}
    topbar={
      <React.Fragment>
        <withRouter(Connect(TopbarContainerComponent))
          currentPage="PasswordChangePage"
          desktopClassName="desktopTopbar"
          mobileClassName="mobileTopbar"
        />
        <UserNav
          className={null}
          currentPage="PasswordChangePage"
          rootClassName={null}
        />
      </React.Fragment>
    }
    useAccountSettingsNav={true}
  >
    <div
      className="content"
    >
      <H3
        as="h1"
        className={null}
        rootClassName={null}
      >
        <MemoizedFormattedMessage
          id="PasswordChangePage.heading"
        />
      </H3>
      <PasswordChangeForm
        changePasswordError={null}
        className="form"
        currentUser={
          Object {
            "attributes": Object {
              "banned": false,
              "deleted": false,
              "email": "user1@example.com",
              "emailVerified": true,
              "profile": Object {
                "abbreviatedName": "user1 abbreviated name",
                "displayName": "user1 display name",
                "firstName": "user1 first name",
                "lastName": "user1 last name",
              },
            },
            "id": UUID {
              "_sdkType": "UUID",
              "uuid": "user1",
            },
            "type": "currentUser",
          }
        }
        inProgress={false}
        onChange={[Function]}
        onSubmit={[Function]}
        ready={false}
        resetPasswordError={null}
        resetPasswordInProgress={false}
      />
    </div>
  </LayoutSideNavigation>
</Page>
`;
