// Jest Snapshot v1, https://goo.gl/fbAQLP

exports[`ContactDetailsPage matches snapshot 1`] = `
<Page
  scrollingDisabled={false}
  title="ContactDetailsPage.title"
>
  <LayoutSideNavigation
    className={null}
    containerClassName={null}
    rootClassName={null}
  >
    <LayoutWrapperTopbar
      className={null}
      rootClassName={null}
    >
      <withRouter(Connect(TopbarContainerComponent))
        currentPage="ContactDetailsPage"
        desktopClassName="desktopTopbar"
        mobileClassName="mobileTopbar"
      />
      <UserNav
        className={null}
        rootClassName={null}
        selectedPageName="ContactDetailsPage"
      />
    </LayoutWrapperTopbar>
    <withViewport(LayoutWrapperAccountSettingsSideNavComponent)
      currentTab="ContactDetailsPage"
    />
    <LayoutWrapperMain
      className={null}
      rootClassName={null}
    >
      <div
        className="content"
      >
        <H3
          as="h1"
          className={null}
          rootClassName={null}
        >
          <MemoizedFormattedMessage
            id="ContactDetailsPage.heading"
          />
        </H3>
      </div>
    </LayoutWrapperMain>
    <LayoutWrapperFooter
      className={null}
      rootClassName={null}
    >
      <injectIntl(Footer) />
    </LayoutWrapperFooter>
  </LayoutSideNavigation>
</Page>
`;
